The fast path is not available because one of `(selective_state_update, selective_scan_fn, causal_conv1d_fn, causal_conv1d_update, mamba_inner_fn)` is None. Falling back to the sequential implementation of Mamba, as use_mambapy is set to False. To install follow https://github.com/state-spaces/mamba/#installation and https://github.com/Dao-AILab/causal-conv1d. For the mamba.py backend, follow https://github.com/alxndrTL/mamba.py.
Traceback (most recent call last):
  File "/home/jupyter-240712834/research/NeuxbaneThinking/train.py", line 155, in main
    outputs = model(
        input_ids=input_ids,
        memory=None,
        use_cache=False
    )
  File "/home/jupyter-240712834/miniconda3/lib/python3.13/site-packages/torch/nn/modules/module.py", line 1775, in _wrapped_call_impl
    return self._call_impl(*args, **kwargs)
           ~~~~~~~~~~~~~~~^^^^^^^^^^^^^^^^^
  File "/home/jupyter-240712834/miniconda3/lib/python3.13/site-packages/torch/nn/modules/module.py", line 1786, in _call_impl
    return forward_call(*args, **kwargs)
  File "/home/jupyter-240712834/research/NeuxbaneThinking/model.py", line 265, in forward
    hidden_states, memory, layer_aux = torch.utils.checkpoint.checkpoint(
                                       ~~~~~~~~~~~~~~~~~~~~~~~~~~~~~~~~~^
        self._forward_layer, i, hidden_states, memory, cache_params, cache_position,
        ^^^^^^^^^^^^^^^^^^^^^^^^^^^^^^^^^^^^^^^^^^^^^^^^^^^^^^^^^^^^^^^^^^^^^^^^^^^^
        use_reentrant=False
        ^^^^^^^^^^^^^^^^^^^
    )
    ^
  File "/home/jupyter-240712834/miniconda3/lib/python3.13/site-packages/torch/_compile.py", line 53, in inner
    return disable_fn(*args, **kwargs)
  File "/home/jupyter-240712834/miniconda3/lib/python3.13/site-packages/torch/_dynamo/eval_frame.py", line 1044, in _fn
    return fn(*args, **kwargs)
  File "/home/jupyter-240712834/miniconda3/lib/python3.13/site-packages/torch/utils/checkpoint.py", line 503, in checkpoint
    ret = function(*args, **kwargs)
  File "/home/jupyter-240712834/research/NeuxbaneThinking/model.py", line 201, in _forward_layer
    mamba_outputs = layer(hidden_states, cache_params=cache_params, cache_position=cache_position)
  File "/home/jupyter-240712834/miniconda3/lib/python3.13/site-packages/transformers/modeling_layers.py", line 82, in __call__
    return self._gradient_checkpointing_func(partial(super().__call__, **kwargs), *args)
           ~~~~~~~~~~~~~~~~~~~~~~~~~~~~~~~~~^^^^^^^^^^^^^^^^^^^^^^^^^^^^^^^^^^^^^^^^^^^^
  File "/home/jupyter-240712834/miniconda3/lib/python3.13/site-packages/torch/_compile.py", line 53, in inner
    return disable_fn(*args, **kwargs)
  File "/home/jupyter-240712834/miniconda3/lib/python3.13/site-packages/torch/_dynamo/eval_frame.py", line 1044, in _fn
    return fn(*args, **kwargs)
  File "/home/jupyter-240712834/miniconda3/lib/python3.13/site-packages/torch/utils/checkpoint.py", line 496, in checkpoint
    return CheckpointFunction.apply(function, preserve, *args)
           ~~~~~~~~~~~~~~~~~~~~~~~~^^^^^^^^^^^^^^^^^^^^^^^^^^^
  File "/home/jupyter-240712834/miniconda3/lib/python3.13/site-packages/torch/autograd/function.py", line 581, in apply
    return super().apply(*args, **kwargs)  # type: ignore[misc]
           ~~~~~~~~~~~~~^^^^^^^^^^^^^^^^^
  File "/home/jupyter-240712834/miniconda3/lib/python3.13/site-packages/torch/utils/checkpoint.py", line 262, in forward
    outputs = run_function(*args)
  File "/home/jupyter-240712834/miniconda3/lib/python3.13/site-packages/torch/nn/modules/module.py", line 1775, in _wrapped_call_impl
    return self._call_impl(*args, **kwargs)
           ~~~~~~~~~~~~~~~^^^^^^^^^^^^^^^^^
  File "/home/jupyter-240712834/miniconda3/lib/python3.13/site-packages/torch/nn/modules/module.py", line 1786, in _call_impl
    return forward_call(*args, **kwargs)
  File "/home/jupyter-240712834/miniconda3/lib/python3.13/site-packages/transformers/models/mamba/modeling_mamba.py", line 368, in forward
    hidden_states = self.mixer(
        hidden_states, cache_params=cache_params, cache_position=cache_position, attention_mask=attention_mask
    )
  File "/home/jupyter-240712834/miniconda3/lib/python3.13/site-packages/torch/nn/modules/module.py", line 1775, in _wrapped_call_impl
    return self._call_impl(*args, **kwargs)
           ~~~~~~~~~~~~~~~^^^^^^^^^^^^^^^^^
  File "/home/jupyter-240712834/miniconda3/lib/python3.13/site-packages/torch/nn/modules/module.py", line 1786, in _call_impl
    return forward_call(*args, **kwargs)
  File "/home/jupyter-240712834/miniconda3/lib/python3.13/site-packages/transformers/models/mamba/modeling_mamba.py", line 324, in forward
    return self.slow_forward(hidden_states, cache_params, cache_position, attention_mask)
           ~~~~~~~~~~~~~~~~~^^^^^^^^^^^^^^^^^^^^^^^^^^^^^^^^^^^^^^^^^^^^^^^^^^^^^^^^^^^^^
  File "/home/jupyter-240712834/miniconda3/lib/python3.13/site-packages/transformers/models/mamba/modeling_mamba.py", line 286, in slow_forward
    discrete_A = torch.exp(A[None, :, None, :] * discrete_time_step[:, :, :, None]) # [batch, intermediate_size, seq_len, ssm_state_size]
torch.OutOfMemoryError: CUDA out of memory. Tried to allocate 16.00 GiB. GPU 1 has a total capacity of 44.40 GiB of which 4.96 GiB is free. Process 904141 has 608.00 MiB memory in use. Process 924112 has 7.88 GiB memory in use. Process 1387925 has 4.68 GiB memory in use. Process 1430335 has 514.00 MiB memory in use. Including non-PyTorch memory, this process has 25.64 GiB memory in use. Of the allocated memory 25.08 GiB is allocated by PyTorch, and 60.91 MiB is reserved by PyTorch but unallocated. If reserved but unallocated memory is large try setting PYTORCH_CUDA_ALLOC_CONF=expandable_segments:True to avoid fragmentation.  See documentation for Memory Management  (https://pytorch.org/docs/stable/notes/cuda.html#environment-variables)
Using device: cuda:1
Loaded 128 specialists from checkpoint/specialists.pt
Enabling Gradient Checkpointing for VRAM safety...
Loading base Mamba weights from checkpoint/neuxbane_thinking_125m.pth...
Loading existing optimizer state from checkpoint/neuxbane_thinking_125m_opt.pth
Dataset files: 1
Starting infinite training... Press Ctrl+C to stop and save.
Waiting for first batch...
First batch received! Starting forward pass...
An unexpected error occurred: CUDA out of memory. Tried to allocate 16.00 GiB. GPU 1 has a total capacity of 44.40 GiB of which 4.96 GiB is free. Process 904141 has 608.00 MiB memory in use. Process 924112 has 7.88 GiB memory in use. Process 1387925 has 4.68 GiB memory in use. Process 1430335 has 514.00 MiB memory in use. Including non-PyTorch memory, this process has 25.64 GiB memory in use. Of the allocated memory 25.08 GiB is allocated by PyTorch, and 60.91 MiB is reserved by PyTorch but unallocated. If reserved but unallocated memory is large try setting PYTORCH_CUDA_ALLOC_CONF=expandable_segments:True to avoid fragmentation.  See documentation for Memory Management  (https://pytorch.org/docs/stable/notes/cuda.html#environment-variables)
Saved 128 specialists to checkpoint/specialists.pt

Checkpoint saved: checkpoint/neuxbane_thinking_125m (Mamba base + Specialist directory)
